// Jest Snapshot v1, https://goo.gl/fbAQLP

exports[`should render a form 1`] = `
<div>
  <form
    action="#"
    autocomplete="off"
    class="my-form"
    novalidate=""
  />
</div>
`;
