// Jest Snapshot v1, https://goo.gl/fbAQLP

exports[`should render a MUI Checkbox and error label 1`] = `
<div
  class="MuiFormControl-root checkbox-test-class css-1nrlq1o-MuiFormControl-root"
>
  <label
    class="MuiFormControlLabel-root MuiFormControlLabel-labelPlacementEnd Mui-error css-j204z7-MuiFormControlLabel-root"
  >
    <span
      class="MuiButtonBase-root MuiCheckbox-root MuiCheckbox-colorPrimary PrivateSwitchBase-root MuiCheckbox-root MuiCheckbox-colorPrimary MuiCheckbox-root MuiCheckbox-colorPrimary css-1jg3gx8-MuiButtonBase-root-MuiCheckbox-root"
    >
      <input
        class="PrivateSwitchBase-input css-1m9pwf3"
        data-indeterminate="false"
        name="testField"
        type="checkbox"
        value="false"
      />
      <svg
        aria-hidden="true"
        class="MuiSvgIcon-root MuiSvgIcon-fontSizeMedium css-i4bv87-MuiSvgIcon-root"
        data-testid="CheckBoxOutlineBlankIcon"
        focusable="false"
        viewBox="0 0 24 24"
      >
        <path
          d="M19 5v14H5V5h14m0-2H5c-1.1 0-2 .9-2 2v14c0 1.1.9 2 2 2h14c1.1 0 2-.9 2-2V5c0-1.1-.9-2-2-2z"
        />
      </svg>
      <span
        class="MuiTouchRipple-root css-8je8zh-MuiTouchRipple-root"
      />
    </span>
    <span
      class="MuiTypography-root MuiTypography-body1 MuiFormControlLabel-label css-ahj2mt-MuiTypography-root"
    >
      Test Checkbox
    </span>
  </label>
  <div
    class="MuiTypography-root MuiTypography-body2 error-label css-1lt5m6e-MuiTypography-root"
  >
    Not valid
  </div>
</div>
`;
